  team  | nplayers 
--------+----------
 Brazil |       14
(1 row)
