played in Santa Cruz on 2002-11-16 and scored 1 goal
played in Munich on 2005-02-24 and scored 1 goal
played in Beijing on 2007-10-23 and scored 1 goal
Summary: played for Argentina, 54 matches, 3 goals
