played in Madrid on 2000-01-02 and scored 1 goal
played in Nagasaki on 2002-07-16 and scored 1 goal
played in Shanghai on 2004-11-25 and scored 1 goal
played in Madrid on 2006-01-17 and scored 1 goal
played in Madrid on 2007-08-12 and scored 1 goal
played in Santa Cruz on 2008-06-21 and scored 1 goal
Summary: played for Spain, 64 matches, 6 goals
