      player       | ngoals 
-------------------+--------
 Christian Baumann |      3
 Johansson Henrik  |      2
 Larsson Mikael    |      2
(3 rows)
