 nreds | nyellows 
-------+----------
     4 |        4
(1 row)
