 nreds | nyellows 
-------+----------
     0 |       12
(1 row)
