 nreds | nyellows 
-------+----------
     7 |        2
(1 row)
