 nreds | nyellows 
-------+----------
     0 |        3
(1 row)
