 nreds | nyellows 
-------+----------
       |         
(1 row)
