played Argentina in Sydney on 2006-02-21 and drew 1-1
played Japan in Melbourne on 2006-05-20 and lost 0-2
played Netherlands in Melbourne on 2006-08-08 and won 1-0
played Japan in Kyoto on 2006-11-21 and drew 1-1
played Uruguay in San Carlos on 2006-12-24 and lost 1-2
