played Argentina in Santa Cruz on 2000-05-24 and lost 1-2
played Brazil in Marseille on 2000-06-07 and lost 0-3
played Iran in Marseille on 2000-07-15 and lost 0-2
