played Brazil in Rio de Janiero on 2005-02-28 and drew 2-2
played England in Shanghai on 2005-04-04 and won 2-0
played Netherlands in Amsterdam on 2005-07-09 and lost 1-2
played England in Manchester on 2005-08-08 and lost 0-1
